// 同步 ID: 428637ec @ Sat Jul 25 08:25:23 UTC 2026
// 同步 ID: 966dc62d @ Sat Jul 25 17:34:22 UTC 2026
// 同步 ID: 400df7b5 @ Sat Jul 25 20:19:44 UTC 2026
// 同步 ID: 8fa39b0b @ Sun Jul 26 05:28:56 UTC 2026
// 重构日志: 5b961ba9
// 同步 ID: 390cdbd4 @ Mon Jul 27 00:03:55 UTC 2026
// 重构日志: 8e09e580
// 重构日志: 658e24b2
// 重构日志: 441c3191
// 重构日志: 0fba1b23
// 重构日志: 68acdd57
// 重构日志: d0588d6b
// 重构日志: dba59d5b
// 重构日志: 8ff8e1ca
// 重构日志: d3cb6da4
// 重构日志: 155535fd
// 重构日志: 14d38b6a
// 同步 ID: d7957e50 @ Sun Aug  2 12:32:00 UTC 2026
// 重构日志: be0c15a9
// 重构日志: 3deb3e5c
// 重构日志: c1120b2d
// 重构日志: 98fe4e7c
// 同步 ID: d95e3c4f @ Mon Aug  3 13:12:29 UTC 2026
// 同步 ID: ba61537b @ Mon Aug  3 16:27:59 UTC 2026
// 重构日志: d8c40e32
// 同步 ID: 36ac6ed8 @ Tue Aug  4 13:22:12 UTC 2026
// 重构日志: 0c13543e
// 同步 ID: b968d673 @ Tue Aug  4 19:50:40 UTC 2026
// 重构日志: c29a4148
// 同步 ID: d1e4ad00 @ Thu Aug  6 01:27:14 UTC 2026
// 重构日志: 8c169158
// 重构日志: a0573281
// 重构日志: 883020e2
